MPLINK 5.08, LINKER
Linker Map File - Created Wed Aug 22 17:37:47 2018

                                 Section Info
                  Section       Type    Address   Location Size(Bytes)
                ---------  ---------  ---------  ---------  ---------
                   .org_0       code   0x000000    program   0x000002
                   .cinit    romdata   0x000001    program   0x000004
                   .org_1       code   0x000004    program   0x0000ea
.config_2007_BUILD/DEFAULT/PRODUCTION/CONTROL       code   0x002007    program   0x000002



                              Program Memory Usage 
                               Start         End      
                           ---------   ---------      
                            0x000000    0x000002      
                            0x000004    0x000078      
                            0x002007    0x002007      
            121 out of 1158 program addresses used, program memory utilization is 10%



                              Symbols - Sorted by Name
                     Name    Address   Location    Storage File                     
                ---------  ---------  ---------  --------- ---------                
                   ALERTA   0x000037    program     static /home/alexandre/MPLABXProjects/Atividade1-AV2.X/ControladorAutomotivo.ASM
                  DIREITO   0x000063    program     static /home/alexandre/MPLABXProjects/Atividade1-AV2.X/ControladorAutomotivo.ASM
                 ESQUERDO   0x00004e    program     static /home/alexandre/MPLABXProjects/Atividade1-AV2.X/ControladorAutomotivo.ASM
                   INICIO   0x000023    program     static /home/alexandre/MPLABXProjects/Atividade1-AV2.X/ControladorAutomotivo.ASM
                   LOOP_1   0x00003b    program     static /home/alexandre/MPLABXProjects/Atividade1-AV2.X/ControladorAutomotivo.ASM
                   LOOP_2   0x000046    program     static /home/alexandre/MPLABXProjects/Atividade1-AV2.X/ControladorAutomotivo.ASM
                  LOOP_D1   0x000066    program     static /home/alexandre/MPLABXProjects/Atividade1-AV2.X/ControladorAutomotivo.ASM
                  LOOP_D2   0x000070    program     static /home/alexandre/MPLABXProjects/Atividade1-AV2.X/ControladorAutomotivo.ASM
                  LOOP_E1   0x000051    program     static /home/alexandre/MPLABXProjects/Atividade1-AV2.X/ControladorAutomotivo.ASM
                  LOOP_E2   0x00005b    program     static /home/alexandre/MPLABXProjects/Atividade1-AV2.X/ControladorAutomotivo.ASM
                     MAIN   0x000030    program     static /home/alexandre/MPLABXProjects/Atividade1-AV2.X/ControladorAutomotivo.ASM
                 PROXIMO1   0x00000d    program     static /home/alexandre/MPLABXProjects/Atividade1-AV2.X/ControladorAutomotivo.ASM
                 PROXIMO2   0x000013    program     static /home/alexandre/MPLABXProjects/Atividade1-AV2.X/ControladorAutomotivo.ASM
                 PROXIMO3   0x000019    program     static /home/alexandre/MPLABXProjects/Atividade1-AV2.X/ControladorAutomotivo.ASM
                  SAI_INT   0x00001c    program     static /home/alexandre/MPLABXProjects/Atividade1-AV2.X/ControladorAutomotivo.ASM
               SUBROTINA1   0x000022    program     static /home/alexandre/MPLABXProjects/Atividade1-AV2.X/ControladorAutomotivo.ASM
                  TESTE_1   0x00003e    program     static /home/alexandre/MPLABXProjects/Atividade1-AV2.X/ControladorAutomotivo.ASM
                  TESTE_2   0x000049    program     static /home/alexandre/MPLABXProjects/Atividade1-AV2.X/ControladorAutomotivo.ASM
                 TESTE_D1   0x000069    program     static /home/alexandre/MPLABXProjects/Atividade1-AV2.X/ControladorAutomotivo.ASM
                 TESTE_D2   0x000073    program     static /home/alexandre/MPLABXProjects/Atividade1-AV2.X/ControladorAutomotivo.ASM
                 TESTE_E1   0x000054    program     static /home/alexandre/MPLABXProjects/Atividade1-AV2.X/ControladorAutomotivo.ASM
                 TESTE_E2   0x00005e    program     static /home/alexandre/MPLABXProjects/Atividade1-AV2.X/ControladorAutomotivo.ASM



                              Symbols - Sorted by Address
                     Name    Address   Location    Storage File                     
                ---------  ---------  ---------  --------- ---------                
                 PROXIMO1   0x00000d    program     static /home/alexandre/MPLABXProjects/Atividade1-AV2.X/ControladorAutomotivo.ASM
                 PROXIMO2   0x000013    program     static /home/alexandre/MPLABXProjects/Atividade1-AV2.X/ControladorAutomotivo.ASM
                 PROXIMO3   0x000019    program     static /home/alexandre/MPLABXProjects/Atividade1-AV2.X/ControladorAutomotivo.ASM
                  SAI_INT   0x00001c    program     static /home/alexandre/MPLABXProjects/Atividade1-AV2.X/ControladorAutomotivo.ASM
               SUBROTINA1   0x000022    program     static /home/alexandre/MPLABXProjects/Atividade1-AV2.X/ControladorAutomotivo.ASM
                   INICIO   0x000023    program     static /home/alexandre/MPLABXProjects/Atividade1-AV2.X/ControladorAutomotivo.ASM
                     MAIN   0x000030    program     static /home/alexandre/MPLABXProjects/Atividade1-AV2.X/ControladorAutomotivo.ASM
                   ALERTA   0x000037    program     static /home/alexandre/MPLABXProjects/Atividade1-AV2.X/ControladorAutomotivo.ASM
                   LOOP_1   0x00003b    program     static /home/alexandre/MPLABXProjects/Atividade1-AV2.X/ControladorAutomotivo.ASM
                  TESTE_1   0x00003e    program     static /home/alexandre/MPLABXProjects/Atividade1-AV2.X/ControladorAutomotivo.ASM
                   LOOP_2   0x000046    program     static /home/alexandre/MPLABXProjects/Atividade1-AV2.X/ControladorAutomotivo.ASM
                  TESTE_2   0x000049    program     static /home/alexandre/MPLABXProjects/Atividade1-AV2.X/ControladorAutomotivo.ASM
                 ESQUERDO   0x00004e    program     static /home/alexandre/MPLABXProjects/Atividade1-AV2.X/ControladorAutomotivo.ASM
                  LOOP_E1   0x000051    program     static /home/alexandre/MPLABXProjects/Atividade1-AV2.X/ControladorAutomotivo.ASM
                 TESTE_E1   0x000054    program     static /home/alexandre/MPLABXProjects/Atividade1-AV2.X/ControladorAutomotivo.ASM
                  LOOP_E2   0x00005b    program     static /home/alexandre/MPLABXProjects/Atividade1-AV2.X/ControladorAutomotivo.ASM
                 TESTE_E2   0x00005e    program     static /home/alexandre/MPLABXProjects/Atividade1-AV2.X/ControladorAutomotivo.ASM
                  DIREITO   0x000063    program     static /home/alexandre/MPLABXProjects/Atividade1-AV2.X/ControladorAutomotivo.ASM
                  LOOP_D1   0x000066    program     static /home/alexandre/MPLABXProjects/Atividade1-AV2.X/ControladorAutomotivo.ASM
                 TESTE_D1   0x000069    program     static /home/alexandre/MPLABXProjects/Atividade1-AV2.X/ControladorAutomotivo.ASM
                  LOOP_D2   0x000070    program     static /home/alexandre/MPLABXProjects/Atividade1-AV2.X/ControladorAutomotivo.ASM
                 TESTE_D2   0x000073    program     static /home/alexandre/MPLABXProjects/Atividade1-AV2.X/ControladorAutomotivo.ASM


